
> frontend@0.0.0 ui:smoke
> playwright test --config=playwright.config.ts

(node:20315) [DEP0205] DeprecationWarning: `module.register()` is deprecated. Use `module.registerHooks()` instead.
(Use `node --trace-deprecation ...` to show where the warning was created)

Running 29 tests using 8 workers

(node:20399) Warning: The 'NO_COLOR' env is ignored due to the 'FORCE_COLOR' env being set.
(Use `node --trace-warnings ...` to show where the warning was created)
(node:20398) Warning: The 'NO_COLOR' env is ignored due to the 'FORCE_COLOR' env being set.
(Use `node --trace-warnings ...` to show where the warning was created)
(node:20395) Warning: The 'NO_COLOR' env is ignored due to the 'FORCE_COLOR' env being set.
(Use `node --trace-warnings ...` to show where the warning was created)
(node:20401) Warning: The 'NO_COLOR' env is ignored due to the 'FORCE_COLOR' env being set.
(Use `node --trace-warnings ...` to show where the warning was created)
(node:20396) Warning: The 'NO_COLOR' env is ignored due to the 'FORCE_COLOR' env being set.
(Use `node --trace-warnings ...` to show where the warning was created)
(node:20397) Warning: The 'NO_COLOR' env is ignored due to the 'FORCE_COLOR' env being set.
(Use `node --trace-warnings ...` to show where the warning was created)
(node:20400) Warning: The 'NO_COLOR' env is ignored due to the 'FORCE_COLOR' env being set.
(Use `node --trace-warnings ...` to show where the warning was created)
(node:20402) Warning: The 'NO_COLOR' env is ignored due to the 'FORCE_COLOR' env being set.
(Use `node --trace-warnings ...` to show where the warning was created)
(node:20395) [DEP0205] DeprecationWarning: `module.register()` is deprecated. Use `module.registerHooks()` instead.
(node:20398) [DEP0205] DeprecationWarning: `module.register()` is deprecated. Use `module.registerHooks()` instead.
(node:20398) Warning: The 'NO_COLOR' env is ignored due to the 'FORCE_COLOR' env being set.
(Use `node --trace-warnings ...` to show where the warning was created)
(node:20395) Warning: The 'NO_COLOR' env is ignored due to the 'FORCE_COLOR' env being set.
(Use `node --trace-warnings ...` to show where the warning was created)
(node:20401) [DEP0205] DeprecationWarning: `module.register()` is deprecated. Use `module.registerHooks()` instead.
(node:20401) Warning: The 'NO_COLOR' env is ignored due to the 'FORCE_COLOR' env being set.
(Use `node --trace-warnings ...` to show where the warning was created)
(node:20399) [DEP0205] DeprecationWarning: `module.register()` is deprecated. Use `module.registerHooks()` instead.
(node:20396) [DEP0205] DeprecationWarning: `module.register()` is deprecated. Use `module.registerHooks()` instead.
(node:20399) Warning: The 'NO_COLOR' env is ignored due to the 'FORCE_COLOR' env being set.
(Use `node --trace-warnings ...` to show where the warning was created)
(node:20396) Warning: The 'NO_COLOR' env is ignored due to the 'FORCE_COLOR' env being set.
(Use `node --trace-warnings ...` to show where the warning was created)
(node:20400) [DEP0205] DeprecationWarning: `module.register()` is deprecated. Use `module.registerHooks()` instead.
(node:20400) Warning: The 'NO_COLOR' env is ignored due to the 'FORCE_COLOR' env being set.
(Use `node --trace-warnings ...` to show where the warning was created)
(node:20402) [DEP0205] DeprecationWarning: `module.register()` is deprecated. Use `module.registerHooks()` instead.
(node:20402) Warning: The 'NO_COLOR' env is ignored due to the 'FORCE_COLOR' env being set.
(Use `node --trace-warnings ...` to show where the warning was created)
(node:20397) [DEP0205] DeprecationWarning: `module.register()` is deprecated. Use `module.registerHooks()` instead.
(node:20397) Warning: The 'NO_COLOR' env is ignored due to the 'FORCE_COLOR' env being set.
(Use `node --trace-warnings ...` to show where the warning was created)
  ✓   3 e2e/smoke/projects-sidebar.spec.ts:149:1 › home sidebar thread rows stay within the sidebar width for long titles (880ms)
  ✓   6 e2e/smoke/responsive-mobile.spec.ts:215:1 › mobile and narrow viewport usability is preserved for core project and operational tasks (934ms)
  ✓   7 e2e/smoke/runs-observability.spec.ts:239:1 › run summary panel renders populated metadata for items 9.1-01 and 9.6-02 (2.1s)
  ✓   5 e2e/smoke/tasks-editor.spec.ts:5:3 › task states and Runs comparison light 1440px (4.2s)
  ✓   1 e2e/smoke/launch-lifecycle.spec.ts:51:1 › warning-only diagnostics still allow the editor run with explicit banner for item 7.2-02 (5.1s)
  ✘   8 e2e/smoke/editor-diagnostics.spec.ts:30:1 › primary UI shells render and can be navigated (10.2s)
(node:20503) Warning: The 'NO_COLOR' env is ignored due to the 'FORCE_COLOR' env being set.
(Use `node --trace-warnings ...` to show where the warning was created)
(node:20503) [DEP0205] DeprecationWarning: `module.register()` is deprecated. Use `module.registerHooks()` instead.
(node:20503) Warning: The 'NO_COLOR' env is ignored due to the 'FORCE_COLOR' env being set.
(Use `node --trace-warnings ...` to show where the warning was created)
  ✘   2 e2e/smoke/rust-product-shell.spec.ts:30:1 › Rust product shell serves the built SPA and owns core browser routes (14.3s)
  ✓   9 e2e/smoke/responsive-mobile.spec.ts:237:1 › viewport regression baselines capture desktop shell layouts for projects and runs surfaces (13.7s)
  ✓  10 e2e/smoke/runs-observability.spec.ts:268:1 › run journal inspector hydrates durable history, pages older entries, and applies live tail updates with pinned questions (13.3s)
  ✓  12 e2e/smoke/launch-lifecycle.spec.ts:120:1 › diagnostics transitions toggle the editor run blocking and warning state for item 7.2-03 (10.3s)
  ✓  14 e2e/smoke/runs-observability.spec.ts:425:1 › run checkpoint hydrates the resume node and refreshes on revisit for item 9.2-01 (1.0s)
  ✓  11 e2e/smoke/tasks-editor.spec.ts:5:3 › task states and Runs comparison light 1024px (12.5s)
  ✓  15 e2e/smoke/launch-lifecycle.spec.ts:255:1 › launch failures surface diagnostics and retry affordances for direct runs (1.3s)
  ✓  16 e2e/smoke/runs-observability.spec.ts:464:1 › run context viewer supports search, copy, and export actions for items 9.3-01 and 9.3-03 (923ms)
  ✓  18 e2e/smoke/runs-observability.spec.ts:515:1 › run graph panel renders /pipelines/{id}/graph-preview output for item 9.5-02 (944ms)
  ✓  17 e2e/smoke/tasks-editor.spec.ts:5:3 › task states and Runs comparison light 390px (2.3s)
  ✓  19 e2e/smoke/runs-observability.spec.ts:556:1 › run artifact browser handles missing files and partial run states for item 9.5-03 (1.1s)
  ✘  13 e2e/smoke/editor-diagnostics.spec.ts:95:1 › prompt edits trigger live preview diagnostics before blur for item 5.1-03 (9.1s)
(node:20600) Warning: The 'NO_COLOR' env is ignored due to the 'FORCE_COLOR' env being set.
(Use `node --trace-warnings ...` to show where the warning was created)
(node:20600) [DEP0205] DeprecationWarning: `module.register()` is deprecated. Use `module.registerHooks()` instead.
(node:20600) Warning: The 'NO_COLOR' env is ignored due to the 'FORCE_COLOR' env being set.
(Use `node --trace-warnings ...` to show where the warning was created)
  ✓  20 e2e/smoke/tasks-editor.spec.ts:5:3 › task states and Runs comparison dark 1440px (2.8s)
  ✓  21 e2e/smoke/editor-diagnostics.spec.ts:151:1 › medium graph performance profile renders optimizations for item 13.3-02 (1.6s)
  ✓  23 e2e/smoke/editor-diagnostics.spec.ts:203:1 › validation panel supports filter and sort controls for item 7.1-01 (3.4s)
  ✓  22 e2e/smoke/tasks-editor.spec.ts:5:3 › task states and Runs comparison dark 1024px (4.5s)
  ✓  25 e2e/smoke/tasks-editor.spec.ts:5:3 › task states and Runs comparison dark 390px (2.5s)
  ✘   4 e2e/smoke/editor-save.spec.ts:17:1 › raw YAML save blocks parse errors and hydrates valid handoff (30.0s)
  ✘  24 e2e/smoke/editor-diagnostics.spec.ts:288:1 › inline node and edge diagnostic badges render for item 7.1-02 (5.8s)
(node:20636) Warning: The 'NO_COLOR' env is ignored due to the 'FORCE_COLOR' env being set.
(Use `node --trace-warnings ...` to show where the warning was created)
(node:20636) [DEP0205] DeprecationWarning: `module.register()` is deprecated. Use `module.registerHooks()` instead.
(node:20636) Warning: The 'NO_COLOR' env is ignored due to the 'FORCE_COLOR' env being set.
(Use `node --trace-warnings ...` to show where the warning was created)
  ✓  26 e2e/smoke/editor-diagnostics.spec.ts:365:1 › inspector field-level diagnostics map to matching fields for item 7.1-03 (1.3s)
  ✓  27 e2e/smoke/editor-diagnostics.spec.ts:465:1 › validation diagnostics navigate to matching canvas entities for item 7.3-03 (1.4s)
  ✘  28 e2e/smoke/editor-diagnostics.spec.ts:553:1 › stylesheet parse diagnostics render in graph settings for item 6.5-02 (5.9s)
(node:20664) Warning: The 'NO_COLOR' env is ignored due to the 'FORCE_COLOR' env being set.
(Use `node --trace-warnings ...` to show where the warning was created)
(node:20664) [DEP0205] DeprecationWarning: `module.register()` is deprecated. Use `module.registerHooks()` instead.
(node:20664) Warning: The 'NO_COLOR' env is ignored due to the 'FORCE_COLOR' env being set.
(Use `node --trace-warnings ...` to show where the warning was created)
  ✘  29 e2e/smoke/editor-diagnostics.spec.ts:615:1 › stylesheet selector/effective previews render in graph settings for item 6.5-03 (30.1s)


  1) e2e/smoke/editor-diagnostics.spec.ts:30:1 › primary UI shells render and can be navigated ─────

    Error: [2mexpect([22m[31mlocator[39m[2m).[22mtoBeVisible[2m([22m[2m)[22m failed

    Locator: locator('.react-flow__node').first()
    Expected: visible
    Timeout: 5000ms
    Error: element(s) not found

    Call log:
    [2m  - Expect "toBeVisible" with timeout 5000ms[22m
    [2m  - waiting for locator('.react-flow__node').first()[22m


      62 |
      63 |     const firstNode = page.locator(".react-flow__node").first()
    > 64 |     await expect(firstNode).toBeVisible()
         |                             ^
      65 |     await firstNode.click()
      66 |
      67 |     await expect(page.locator('[data-inspector-scope="node"]')).toBeVisible()
        at /private/var/folders/wx/wh9np15d04ncb_k6wlcks2_r0000gn/T/spark-cr0116-baseline-3xrsqio_/frontend/e2e/smoke/editor-diagnostics.spec.ts:64:29

    Error Context: test-results/smoke-editor-diagnostics-p-a12f5-render-and-can-be-navigated/error-context.md

    attachment #2: trace (application/zip) ─────────────────────────────────────────────────────────
    test-results/smoke-editor-diagnostics-p-a12f5-render-and-can-be-navigated/trace.zip
    Usage:

        npx playwright show-trace test-results/smoke-editor-diagnostics-p-a12f5-render-and-can-be-navigated/trace.zip

    ────────────────────────────────────────────────────────────────────────────────────────────────

  2) e2e/smoke/editor-diagnostics.spec.ts:95:1 › prompt edits trigger live preview diagnostics before blur for item 5.1-03 

    Error: [2mexpect([22m[31mlocator[39m[2m).[22mtoBeVisible[2m([22m[2m)[22m failed

    Locator: getByRole('button', { name: 'Add Node' })
    Expected: visible
    Timeout: 5000ms
    Error: element(s) not found

    Call log:
    [2m  - Expect "toBeVisible" with timeout 5000ms[22m
    [2m  - waiting for getByRole('button', { name: 'Add Node' })[22m


      129 |     await flowButton.click()
      130 |
    > 131 |     await expect(page.getByRole("button", { name: "Add Node" })).toBeVisible()
          |                                                                  ^
      132 |     await page.getByRole("button", { name: "Add Node" }).click()
      133 |
      134 |     const newNode = page.locator(".react-flow__node").filter({ hasText: "New Node" }).last()
        at /private/var/folders/wx/wh9np15d04ncb_k6wlcks2_r0000gn/T/spark-cr0116-baseline-3xrsqio_/frontend/e2e/smoke/editor-diagnostics.spec.ts:131:66

    Error Context: test-results/smoke-editor-diagnostics-p-c0b97-before-blur-for-item-5-1-03/error-context.md

    attachment #2: trace (application/zip) ─────────────────────────────────────────────────────────
    test-results/smoke-editor-diagnostics-p-c0b97-before-blur-for-item-5-1-03/trace.zip
    Usage:

        npx playwright show-trace test-results/smoke-editor-diagnostics-p-c0b97-before-blur-for-item-5-1-03/trace.zip

    ────────────────────────────────────────────────────────────────────────────────────────────────

  3) e2e/smoke/editor-diagnostics.spec.ts:288:1 › inline node and edge diagnostic badges render for item 7.1-02 

    Error: [2mexpect([22m[31mlocator[39m[2m).[22mtoBeVisible[2m([22m[2m)[22m failed

    Locator: getByRole('button', { name: 'Add Node' })
    Expected: visible
    Timeout: 5000ms
    Error: element(s) not found

    Call log:
    [2m  - Expect "toBeVisible" with timeout 5000ms[22m
    [2m  - waiting for getByRole('button', { name: 'Add Node' })[22m


      331 |     await flowButton.click()
      332 |
    > 333 |     await expect(page.getByRole("button", { name: "Add Node" })).toBeVisible()
          |                                                                  ^
      334 |     await page.getByRole("button", { name: "Add Node" }).click()
      335 |
      336 |     const newNode = page.locator(".react-flow__node").filter({ hasText: "New Node" }).last()
        at /private/var/folders/wx/wh9np15d04ncb_k6wlcks2_r0000gn/T/spark-cr0116-baseline-3xrsqio_/frontend/e2e/smoke/editor-diagnostics.spec.ts:333:66

    Error Context: test-results/smoke-editor-diagnostics-i-45c61-dges-render-for-item-7-1-02/error-context.md

    attachment #2: trace (application/zip) ─────────────────────────────────────────────────────────
    test-results/smoke-editor-diagnostics-i-45c61-dges-render-for-item-7-1-02/trace.zip
    Usage:

        npx playwright show-trace test-results/smoke-editor-diagnostics-i-45c61-dges-render-for-item-7-1-02/trace.zip

    ────────────────────────────────────────────────────────────────────────────────────────────────

  4) e2e/smoke/editor-diagnostics.spec.ts:553:1 › stylesheet parse diagnostics render in graph settings for item 6.5-02 

    Error: [2mexpect([22m[31mlocator[39m[2m).[22mtoBeVisible[2m([22m[2m)[22m failed

    Locator: getByTestId('graph-model-stylesheet-editor')
    Expected: visible
    Timeout: 5000ms
    Error: element(s) not found

    Call log:
    [2m  - Expect "toBeVisible" with timeout 5000ms[22m
    [2m  - waiting for getByTestId('graph-model-stylesheet-editor')[22m


      592 |     await expect(advancedToggle).toBeVisible()
      593 |     await advancedToggle.click()
    > 594 |     await expect(page.getByTestId("graph-model-stylesheet-editor")).toBeVisible()
          |                                                                     ^
      595 |
      596 |     const previewRequest = page.waitForRequest(
      597 |       (request) =>
        at /private/var/folders/wx/wh9np15d04ncb_k6wlcks2_r0000gn/T/spark-cr0116-baseline-3xrsqio_/frontend/e2e/smoke/editor-diagnostics.spec.ts:594:69

    Error Context: test-results/smoke-editor-diagnostics-s-9fc34-ph-settings-for-item-6-5-02/error-context.md

    attachment #2: trace (application/zip) ─────────────────────────────────────────────────────────
    test-results/smoke-editor-diagnostics-s-9fc34-ph-settings-for-item-6-5-02/trace.zip
    Usage:

        npx playwright show-trace test-results/smoke-editor-diagnostics-s-9fc34-ph-settings-for-item-6-5-02/trace.zip

    ────────────────────────────────────────────────────────────────────────────────────────────────

  5) e2e/smoke/editor-diagnostics.spec.ts:615:1 › stylesheet selector/effective previews render in graph settings for item 6.5-03 

    [31mTest timeout of 30000ms exceeded.[39m

    Error: locator.fill: Test timeout of 30000ms exceeded.
    Call log:
    [2m  - waiting for getByTestId('model-stylesheet-editor').locator('textarea')[22m


      632 |
      633 |     const stylesheetInput = page.getByTestId("model-stylesheet-editor").locator("textarea")
    > 634 |     await stylesheetInput.fill(stylesheetToken)
          |                           ^
      635 |
      636 |     await expect(page.getByTestId("graph-model-stylesheet-selector-preview")).toBeVisible()
      637 |     await expect(page.getByTestId("graph-model-stylesheet-effective-preview")).toBeVisible()
        at /private/var/folders/wx/wh9np15d04ncb_k6wlcks2_r0000gn/T/spark-cr0116-baseline-3xrsqio_/frontend/e2e/smoke/editor-diagnostics.spec.ts:634:27

    Error Context: test-results/smoke-editor-diagnostics-s-dfee7-ph-settings-for-item-6-5-03/error-context.md

    attachment #2: trace (application/zip) ─────────────────────────────────────────────────────────
    test-results/smoke-editor-diagnostics-s-dfee7-ph-settings-for-item-6-5-03/trace.zip
    Usage:

        npx playwright show-trace test-results/smoke-editor-diagnostics-s-dfee7-ph-settings-for-item-6-5-03/trace.zip

    ────────────────────────────────────────────────────────────────────────────────────────────────

  6) e2e/smoke/editor-save.spec.ts:17:1 › raw YAML save blocks parse errors and hydrates valid handoff 

    [31mTest timeout of 30000ms exceeded.[39m

    Error: locator.click: Test timeout of 30000ms exceeded.
    Call log:
    [2m  - waiting for getByRole('button', { name: 'Raw YAML' })[22m


      131 |   await expect(page.getByTestId("canvas-workspace-primary")).toBeVisible()
      132 |
    > 133 |   await page.getByRole("button", { name: "Raw YAML" }).click()
          |                                                        ^
      134 |   const rawYamlEditor = page.getByTestId("raw-yaml-editor")
      135 |   await expect(rawYamlEditor).toBeVisible()
      136 |   const rawYamlEntry = await rawYamlEditor.inputValue()
        at /private/var/folders/wx/wh9np15d04ncb_k6wlcks2_r0000gn/T/spark-cr0116-baseline-3xrsqio_/frontend/e2e/smoke/editor-save.spec.ts:133:56

    Error Context: test-results/smoke-editor-save-raw-YAML-b2fb0--and-hydrates-valid-handoff/error-context.md

    attachment #2: trace (application/zip) ─────────────────────────────────────────────────────────
    test-results/smoke-editor-save-raw-YAML-b2fb0--and-hydrates-valid-handoff/trace.zip
    Usage:

        npx playwright show-trace test-results/smoke-editor-save-raw-YAML-b2fb0--and-hydrates-valid-handoff/trace.zip

    ────────────────────────────────────────────────────────────────────────────────────────────────

  7) e2e/smoke/rust-product-shell.spec.ts:30:1 › Rust product shell serves the built SPA and owns core browser routes 

    Error: [2mexpect([22m[31mreceived[39m[2m).[22mresolves[2m.[22mtoMatchObject[2m([22m[32mexpected[39m[2m)[22m

    [32m- Expected  - 1[39m
    [31m+ Received  + 1[39m

    [2m  Object {[22m
    [2m    "display_name": "spark-rust-shell-project-yWolwr",[22m
    [32m-   "project_path": "/var/folders/wx/wh9np15d04ncb_k6wlcks2_r0000gn/T/spark-rust-shell-project-yWolwr",[39m
    [31m+   "project_path": "/private/var/folders/wx/wh9np15d04ncb_k6wlcks2_r0000gn/T/spark-rust-shell-project-yWolwr",[39m
    [2m  }[22m

      74 |     })
      75 |     expect(registerProject.ok()).toBeTruthy()
    > 76 |     await expect(registerProject.json()).resolves.toMatchObject({
         |                                                   ^
      77 |       project_path: projectRoot,
      78 |       display_name: path.basename(projectRoot),
      79 |     })
        at /private/var/folders/wx/wh9np15d04ncb_k6wlcks2_r0000gn/T/spark-cr0116-baseline-3xrsqio_/frontend/e2e/smoke/rust-product-shell.spec.ts:76:51

    Error Context: test-results/smoke-rust-product-shell-R-3873b-nd-owns-core-browser-routes/error-context.md

    attachment #2: trace (application/zip) ─────────────────────────────────────────────────────────
    test-results/smoke-rust-product-shell-R-3873b-nd-owns-core-browser-routes/trace.zip
    Usage:

        npx playwright show-trace test-results/smoke-rust-product-shell-R-3873b-nd-owns-core-browser-routes/trace.zip

    ────────────────────────────────────────────────────────────────────────────────────────────────

  7 failed
    e2e/smoke/editor-diagnostics.spec.ts:30:1 › primary UI shells render and can be navigated ──────
    e2e/smoke/editor-diagnostics.spec.ts:95:1 › prompt edits trigger live preview diagnostics before blur for item 5.1-03 
    e2e/smoke/editor-diagnostics.spec.ts:288:1 › inline node and edge diagnostic badges render for item 7.1-02 
    e2e/smoke/editor-diagnostics.spec.ts:553:1 › stylesheet parse diagnostics render in graph settings for item 6.5-02 
    e2e/smoke/editor-diagnostics.spec.ts:615:1 › stylesheet selector/effective previews render in graph settings for item 6.5-03 
    e2e/smoke/editor-save.spec.ts:17:1 › raw YAML save blocks parse errors and hydrates valid handoff 
    e2e/smoke/rust-product-shell.spec.ts:30:1 › Rust product shell serves the built SPA and owns core browser routes 
  22 passed (1.6m)
