
> frontend@0.0.0 build
> tsc -b && vite build

vite v7.3.2 building client environment for production...
(node:33553) [DEP0205] DeprecationWarning: `module.register()` is deprecated. Use `module.registerHooks()` instead.
(Use `node --trace-deprecation ...` to show where the warning was created)
transforming...
✓ 4626 modules transformed.
rendering chunks...
computing gzip size...
dist/index.html                                           0.56 kB │ gzip:   0.32 kB
dist/assets/KaTeX_Size3-Regular-CTq5MqoE.woff             4.42 kB
dist/assets/KaTeX_Size4-Regular-Dl5lxZxV.woff2            4.93 kB
dist/assets/KaTeX_Size2-Regular-Dy4dx90m.woff2            5.21 kB
dist/assets/KaTeX_Size1-Regular-mCD8mA8B.woff2            5.47 kB
dist/assets/KaTeX_Size4-Regular-BF-4gkZK.woff             5.98 kB
dist/assets/flowLayoutRouterWorker-CLrwAp76.js            6.11 kB
dist/assets/KaTeX_Size2-Regular-oD1tc_U0.woff             6.19 kB
dist/assets/KaTeX_Size1-Regular-C195tn64.woff             6.50 kB
dist/assets/KaTeX_Caligraphic-Regular-Di6jR-x-.woff2      6.91 kB
dist/assets/KaTeX_Caligraphic-Bold-Dq_IR9rO.woff2         6.91 kB
dist/assets/KaTeX_Size3-Regular-DgpXs0kz.ttf              7.59 kB
dist/assets/KaTeX_Caligraphic-Regular-CTRA-rTL.woff       7.66 kB
dist/assets/KaTeX_Caligraphic-Bold-BEiXGLvX.woff          7.72 kB
dist/assets/KaTeX_Script-Regular-D3wIWfF6.woff2           9.64 kB
dist/assets/KaTeX_SansSerif-Regular-DDBCnlJ7.woff2       10.34 kB
dist/assets/KaTeX_Size4-Regular-DWFBv043.ttf             10.36 kB
dist/assets/KaTeX_Script-Regular-D5yQViql.woff           10.59 kB
dist/assets/KaTeX_Fraktur-Regular-CTYiF6lA.woff2         11.32 kB
dist/assets/KaTeX_Fraktur-Bold-CL6g_b3V.woff2            11.35 kB
dist/assets/KaTeX_Size2-Regular-B7gKUWhC.ttf             11.51 kB
dist/assets/KaTeX_SansSerif-Italic-C3H0VqGB.woff2        12.03 kB
dist/assets/KaTeX_SansSerif-Bold-D1sUS0GD.woff2          12.22 kB
dist/assets/KaTeX_Size1-Regular-Dbsnue_I.ttf             12.23 kB
dist/assets/KaTeX_SansSerif-Regular-CS6fqUqJ.woff        12.32 kB
dist/assets/KaTeX_Caligraphic-Regular-wX97UBjC.ttf       12.34 kB
dist/assets/KaTeX_Caligraphic-Bold-ATXxdsX0.ttf          12.37 kB
dist/assets/KaTeX_Fraktur-Regular-Dxdc4cR9.woff          13.21 kB
dist/assets/KaTeX_Fraktur-Bold-BsDP51OF.woff             13.30 kB
dist/assets/KaTeX_Typewriter-Regular-CO6r4hn1.woff2      13.57 kB
dist/assets/KaTeX_SansSerif-Italic-DN2j7dab.woff         14.11 kB
dist/assets/KaTeX_SansSerif-Bold-DbIhKOiC.woff           14.41 kB
dist/assets/KaTeX_Typewriter-Regular-C0xS9mPB.woff       16.03 kB
dist/assets/KaTeX_Math-BoldItalic-CZnvNsCZ.woff2         16.40 kB
dist/assets/KaTeX_Math-Italic-t53AETM-.woff2             16.44 kB
dist/assets/KaTeX_Script-Regular-C5JkGWo-.ttf            16.65 kB
dist/assets/KaTeX_Main-BoldItalic-DxDJ3AOS.woff2         16.78 kB
dist/assets/KaTeX_Main-Italic-NWA7e6Wa.woff2             16.99 kB
dist/assets/KaTeX_Math-BoldItalic-iY-2wyZ7.woff          18.67 kB
dist/assets/KaTeX_Math-Italic-DA0__PXp.woff              18.75 kB
dist/assets/KaTeX_Main-BoldItalic-SpSLRI95.woff          19.41 kB
dist/assets/KaTeX_SansSerif-Regular-BNo7hRIc.ttf         19.44 kB
dist/assets/KaTeX_Fraktur-Regular-CB_wures.ttf           19.57 kB
dist/assets/KaTeX_Fraktur-Bold-BdnERNNW.ttf              19.58 kB
dist/assets/KaTeX_Main-Italic-BMLOBm91.woff              19.68 kB
dist/assets/KaTeX_SansSerif-Italic-YYjJ1zSn.ttf          22.36 kB
dist/assets/KaTeX_SansSerif-Bold-CFMepnvq.ttf            24.50 kB
dist/assets/KaTeX_Main-Bold-Cx986IdX.woff2               25.32 kB
dist/assets/KaTeX_Main-Regular-B22Nviop.woff2            26.27 kB
dist/assets/KaTeX_Typewriter-Regular-D3Ib7_Hf.ttf        27.56 kB
dist/assets/KaTeX_AMS-Regular-BQhdFMY1.woff2             28.08 kB
dist/assets/KaTeX_Main-Bold-Jm3AIy58.woff                29.91 kB
dist/assets/KaTeX_Main-Regular-Dr94JaBh.woff             30.77 kB
dist/assets/KaTeX_Math-BoldItalic-B3XSjfu4.ttf           31.20 kB
dist/assets/KaTeX_Math-Italic-flOr_0UB.ttf               31.31 kB
dist/assets/KaTeX_Main-BoldItalic-DzxPMmG6.ttf           32.97 kB
dist/assets/KaTeX_AMS-Regular-DMm9YOAa.woff              33.52 kB
dist/assets/KaTeX_Main-Italic-3WenGoN9.ttf               33.58 kB
dist/assets/KaTeX_Main-Bold-waoOVXN0.ttf                 51.34 kB
dist/assets/KaTeX_Main-Regular-ypZvNtVU.ttf              53.58 kB
dist/assets/KaTeX_AMS-Regular-DRggAlZN.ttf               63.63 kB
dist/assets/index-uweBCSYM.css                          134.77 kB │ gzip:  25.84 kB
dist/assets/channel-DEN5IscJ.js                           0.12 kB │ gzip:   0.13 kB
dist/assets/init-Gi6I4Gst.js                              0.15 kB │ gzip:   0.13 kB
dist/assets/chunk-2Q5K7J3B-DGGBRcSB.js                    0.19 kB │ gzip:   0.16 kB
dist/assets/chunk-JWPE2WC7-RRaXVEsb.js                    0.23 kB │ gzip:   0.17 kB
dist/assets/chunk-XXDRQBXY-YPHhVZ5c.js                    0.27 kB │ gzip:   0.23 kB
dist/assets/chunk-5VM5RSS4-CxEnUN-e.js                    0.37 kB │ gzip:   0.27 kB
dist/assets/stateDiagram-v2-MP3YSRHH-CaUsJzr9.js          0.43 kB │ gzip:   0.31 kB
dist/assets/classDiagram-ZZMXUADV-Cfhsi3Cd.js             0.47 kB │ gzip:   0.32 kB
dist/assets/classDiagram-v2-VYDZK3BY-Cfhsi3Cd.js          0.47 kB │ gzip:   0.32 kB
dist/assets/chunk-POPQ4Y6H-BQb4QVWy.js                    0.51 kB │ gzip:   0.36 kB
dist/assets/swimlanesDiagram-VR7AAH4N-CUaFztez.js         0.55 kB │ gzip:   0.37 kB
dist/assets/infoDiagram-27XIBGKW-DoEJEbmN.js              0.59 kB │ gzip:   0.41 kB
dist/assets/sizeCapture-INFHLROL-BLqv8-nm.js              0.94 kB │ gzip:   0.53 kB
dist/assets/ordinal-Cboi1Yqb.js                           1.19 kB │ gzip:   0.57 kB
dist/assets/railroadDiagram-O6MQD6OU-Du6mhtqP.js          1.61 kB │ gzip:   0.76 kB
dist/assets/abnfDiagram-VCTEODGH-nDIJ8R7z.js              1.81 kB │ gzip:   0.90 kB
dist/assets/chunk-F27PBJKO-sJW1UGOc.js                    1.92 kB │ gzip:   0.85 kB
dist/assets/pegDiagram-XKGWAZYB-K0H3B_lK.js               1.96 kB │ gzip:   0.93 kB
dist/assets/ebnfDiagram-PWID7BFC-CvZSqUlG.js              2.01 kB │ gzip:   0.89 kB
dist/assets/arc-DGmnStLy.js                               3.44 kB │ gzip:   1.46 kB
dist/assets/diagram-Z3DM3KII-CvWJ-67B.js                  4.21 kB │ gzip:   1.82 kB
dist/assets/linear-Ckjx8nmf.js                            4.62 kB │ gzip:   1.89 kB
dist/assets/defaultLocale-DX6XiGOO.js                     4.69 kB │ gzip:   2.17 kB
dist/assets/diagram-UQ7AKVKN-DB38aiL_.js                  6.08 kB │ gzip:   2.61 kB
dist/assets/pieDiagram-E7YTZNPT-DPLEGADk.js               6.29 kB │ gzip:   2.63 kB
dist/assets/diagram-S7CK7UJ4-Q9WWJIQk.js                  8.22 kB │ gzip:   3.67 kB
dist/assets/cynefinDiagram-5FMLGOSQ-i_lLqDtB.js          10.10 kB │ gzip:   3.61 kB
dist/assets/stateDiagram-D77RDMKH-CQQL3NfQ.js            10.37 kB │ gzip:   3.62 kB
dist/assets/dagre-GXQ25YYZ-BaxCi5ic.js                   10.68 kB │ gzip:   4.03 kB
dist/assets/diagram-VSXAHHWV-7SxDNkGM.js                 10.72 kB │ gzip:   4.14 kB
dist/assets/chunk-SVP7TREG-DVoUmgQK.js                   15.74 kB │ gzip:   4.41 kB
dist/assets/diagram-VX7I27RA-nKPLV1VC.js                 15.96 kB │ gzip:   5.70 kB
dist/assets/ishikawaDiagram-5VMMS53U-BQsmrleI.js         17.47 kB │ gzip:   6.60 kB
dist/assets/kanban-definition-UXKFOSKX-A3YEBqEx.js       20.29 kB │ gzip:   7.13 kB
dist/assets/mindmap-definition-YA3MSWOX-DKRh8NFp.js      23.18 kB │ gzip:   7.75 kB
dist/assets/sankeyDiagram-P5KCCOFB-BtLLL4D8.js           23.20 kB │ gzip:   8.52 kB
dist/assets/journeyDiagram-3NMN7TZE-BXselsip.js          23.58 kB │ gzip:   8.30 kB
dist/assets/wardleyDiagram-VM6X3IG4-BnVKOvQe.js          25.50 kB │ gzip:   6.76 kB
dist/assets/gitGraphDiagram-WWUBYQGX-BmFAS35o.js         29.42 kB │ gzip:   8.67 kB
dist/assets/erDiagram-RLTQ6QDP-CMGpIXfr.js               30.80 kB │ gzip:  10.48 kB
dist/assets/timeline-definition-24CTP7MA-BjGfNAGY.js     30.83 kB │ gzip:  10.10 kB
dist/assets/requirementDiagram-BXWQKSXE-VniQUsav.js      31.00 kB │ gzip:   9.61 kB
dist/assets/quadrantDiagram-AXDQQJYC-CIc9MB16.js         34.02 kB │ gzip:   9.86 kB
dist/assets/layout-C5fQYNpW.js                           35.44 kB │ gzip:  12.71 kB
dist/assets/chunk-IMKFNOWR-sIR5Oy0P.js                   38.10 kB │ gzip:  12.40 kB
dist/assets/blockDiagram-I7D4REHJ-Cqx1Rm3s.js            41.76 kB │ gzip:  13.44 kB
dist/assets/vennDiagram-4TSXK5OY-1_lOvYKY.js             41.97 kB │ gzip:  15.56 kB
dist/assets/xychartDiagram-S5SC5T6Z-DF_cqJes.js          44.51 kB │ gzip:  12.51 kB
dist/assets/chunk-TICWLB2K-D1N6rg9n.js                   49.21 kB │ gzip:  15.57 kB
dist/assets/flowDiagram-HODETNUW-Bq6Cry4j.js             61.88 kB │ gzip:  19.61 kB
dist/assets/c4Diagram-7LVT6UL2-BA2vCXs0.js               65.48 kB │ gzip:  18.61 kB
dist/assets/ganttDiagram-EL5Y4UJY-BOA96bDr.js            69.69 kB │ gzip:  23.31 kB
dist/assets/cose-bilkent-JH36ORCC-BucIzS1_.js            81.70 kB │ gzip:  22.39 kB
dist/assets/swimlanes-42K2YHIH-B8mZmXV2.js              115.79 kB │ gzip:  42.16 kB
dist/assets/sequenceDiagram-WJ2MYXX4-D5Hugsh7.js        116.97 kB │ gzip:  30.88 kB
dist/assets/architectureDiagram-5GKGNRK7-WbRRqKCV.js    151.83 kB │ gzip:  42.81 kB
dist/assets/cytoscape.esm-BB4DxJjf.js                   443.04 kB │ gzip: 141.36 kB
dist/assets/mermaid.core-BtmSJ859.js                    645.40 kB │ gzip: 155.98 kB
dist/assets/cynefin-OW5HDTMX-Df3I6MK3.js                687.91 kB │ gzip: 153.56 kB
dist/assets/index-ClWc_Kwi.js                         3,187.07 kB │ gzip: 951.06 kB

(!) Some chunks are larger than 500 kB after minification. Consider:
- Using dynamic import() to code-split the application
- Use build.rollupOptions.output.manualChunks to improve chunking: https://rollupjs.org/configuration-options/#output-manualchunks
- Adjust chunk size limit for this warning via build.chunkSizeWarningLimit.
✓ built in 8.58s
