
> frontend@0.0.0 ui:smoke
> playwright test --config=playwright.config.ts editor-diagnostics.spec.ts:95 editor-diagnostics.spec.ts:288 editor-diagnostics.spec.ts:554 editor-diagnostics.spec.ts:581 editor-save.spec.ts rust-product-shell.spec.ts

(node:33363) [DEP0205] DeprecationWarning: `module.register()` is deprecated. Use `module.registerHooks()` instead.
(Use `node --trace-deprecation ...` to show where the warning was created)

Running 6 tests using 3 workers

(node:33393) Warning: The 'NO_COLOR' env is ignored due to the 'FORCE_COLOR' env being set.
(Use `node --trace-warnings ...` to show where the warning was created)
(node:33395) Warning: The 'NO_COLOR' env is ignored due to the 'FORCE_COLOR' env being set.
(Use `node --trace-warnings ...` to show where the warning was created)
(node:33394) Warning: The 'NO_COLOR' env is ignored due to the 'FORCE_COLOR' env being set.
(Use `node --trace-warnings ...` to show where the warning was created)
(node:33394) [DEP0205] DeprecationWarning: `module.register()` is deprecated. Use `module.registerHooks()` instead.
(node:33393) [DEP0205] DeprecationWarning: `module.register()` is deprecated. Use `module.registerHooks()` instead.
(node:33394) Warning: The 'NO_COLOR' env is ignored due to the 'FORCE_COLOR' env being set.
(Use `node --trace-warnings ...` to show where the warning was created)
(node:33395) [DEP0205] DeprecationWarning: `module.register()` is deprecated. Use `module.registerHooks()` instead.
(node:33393) Warning: The 'NO_COLOR' env is ignored due to the 'FORCE_COLOR' env being set.
(Use `node --trace-warnings ...` to show where the warning was created)
(node:33395) Warning: The 'NO_COLOR' env is ignored due to the 'FORCE_COLOR' env being set.
(Use `node --trace-warnings ...` to show where the warning was created)
  ✓  2 e2e/smoke/rust-product-shell.spec.ts:30:1 › Rust product shell serves the built SPA and owns core browser routes (563ms)
  ✓  1 e2e/smoke/editor-save.spec.ts:17:1 › raw YAML save blocks parse errors and hydrates valid handoff (1.4s)
  ✘  3 e2e/smoke/editor-diagnostics.spec.ts:95:1 › prompt edits trigger live preview diagnostics before blur for item 5.1-03 (6.2s)
(node:33477) Warning: The 'NO_COLOR' env is ignored due to the 'FORCE_COLOR' env being set.
(Use `node --trace-warnings ...` to show where the warning was created)
(node:33477) [DEP0205] DeprecationWarning: `module.register()` is deprecated. Use `module.registerHooks()` instead.
(node:33477) Warning: The 'NO_COLOR' env is ignored due to the 'FORCE_COLOR' env being set.
(Use `node --trace-warnings ...` to show where the warning was created)
  ✘  4 e2e/smoke/editor-diagnostics.spec.ts:288:1 › inline node and edge diagnostic badges render for item 7.1-02 (6.2s)
(node:33487) Warning: The 'NO_COLOR' env is ignored due to the 'FORCE_COLOR' env being set.
(Use `node --trace-warnings ...` to show where the warning was created)
(node:33487) [DEP0205] DeprecationWarning: `module.register()` is deprecated. Use `module.registerHooks()` instead.
(node:33487) Warning: The 'NO_COLOR' env is ignored due to the 'FORCE_COLOR' env being set.
(Use `node --trace-warnings ...` to show where the warning was created)
  ✓  5 e2e/smoke/editor-diagnostics.spec.ts:554:1 › flow metadata edits trigger live preview diagnostics (837ms)
  ✓  6 e2e/smoke/editor-diagnostics.spec.ts:581:1 › flow metadata round trips through YAML without legacy stylesheet controls (901ms)


  1) e2e/smoke/editor-diagnostics.spec.ts:95:1 › prompt edits trigger live preview diagnostics before blur for item 5.1-03 

    Error: [2mexpect([22m[31mlocator[39m[2m).[22mtoBeVisible[2m([22m[2m)[22m failed

    Locator: getByPlaceholder('Enter system prompt instructions...')
    Expected: visible
    Timeout: 5000ms
    Error: element(s) not found

    Call log:
    [2m  - Expect "toBeVisible" with timeout 5000ms[22m
    [2m  - waiting for getByPlaceholder('Enter system prompt instructions...')[22m


      137 |
      138 |     const promptField = page.getByPlaceholder("Enter system prompt instructions...")
    > 139 |     await expect(promptField).toBeVisible()
          |                               ^
      140 |
      141 |     await promptField.click()
      142 |     await promptField.pressSequentially(promptToken)
        at /Users/chris/projects/spark/.spark/checkouts/run-18d422e20b728b78/frontend/e2e/smoke/editor-diagnostics.spec.ts:139:31

    Error Context: test-results/smoke-editor-diagnostics-p-c0b97-before-blur-for-item-5-1-03/error-context.md

    attachment #2: trace (application/zip) ─────────────────────────────────────────────────────────
    test-results/smoke-editor-diagnostics-p-c0b97-before-blur-for-item-5-1-03/trace.zip
    Usage:

        npx playwright show-trace test-results/smoke-editor-diagnostics-p-c0b97-before-blur-for-item-5-1-03/trace.zip

    ────────────────────────────────────────────────────────────────────────────────────────────────

  2) e2e/smoke/editor-diagnostics.spec.ts:288:1 › inline node and edge diagnostic badges render for item 7.1-02 

    Error: [2mexpect([22m[31mlocator[39m[2m).[22mtoBeVisible[2m([22m[2m)[22m failed

    Locator: getByPlaceholder('Enter system prompt instructions...')
    Expected: visible
    Timeout: 5000ms
    Error: element(s) not found

    Call log:
    [2m  - Expect "toBeVisible" with timeout 5000ms[22m
    [2m  - waiting for getByPlaceholder('Enter system prompt instructions...')[22m


      344 |
      345 |     const promptField = page.getByPlaceholder("Enter system prompt instructions...")
    > 346 |     await expect(promptField).toBeVisible()
          |                               ^
      347 |     const previewRequest = page.waitForRequest(
      348 |       (request) =>
      349 |         request.url().includes("/attractor/preview") &&
        at /Users/chris/projects/spark/.spark/checkouts/run-18d422e20b728b78/frontend/e2e/smoke/editor-diagnostics.spec.ts:346:31

    Error Context: test-results/smoke-editor-diagnostics-i-45c61-dges-render-for-item-7-1-02/error-context.md

    attachment #2: trace (application/zip) ─────────────────────────────────────────────────────────
    test-results/smoke-editor-diagnostics-i-45c61-dges-render-for-item-7-1-02/trace.zip
    Usage:

        npx playwright show-trace test-results/smoke-editor-diagnostics-i-45c61-dges-render-for-item-7-1-02/trace.zip

    ────────────────────────────────────────────────────────────────────────────────────────────────

  2 failed
    e2e/smoke/editor-diagnostics.spec.ts:95:1 › prompt edits trigger live preview diagnostics before blur for item 5.1-03 
    e2e/smoke/editor-diagnostics.spec.ts:288:1 › inline node and edge diagnostic badges render for item 7.1-02 
  4 passed (19.6s)
